// Jest Snapshot v1, https://goo.gl/fbAQLP

exports[`Header renders the Header properly 1`] = `
ShallowWrapper {
  Symbol(enzyme.__root__): [Circular],
  Symbol(enzyme.__unrendered__): <Header />,
  Symbol(enzyme.__renderer__): Object {
    "batchedUpdates": [Function],
    "getNode": [Function],
    "render": [Function],
    "simulateError": [Function],
    "simulateEvent": [Function],
    "unmount": [Function],
  },
  Symbol(enzyme.__node__): Object {
    "instance": null,
    "key": undefined,
    "nodeType": "host",
    "props": Object {
      "children": <div
        className="contianer header___container"
      >
        <p
          className="donut__header"
        >
          tryDONUT
        </p>
        <p
          className="coinbase__header"
        >
          Coinbase Products
        </p>
      </div>,
      "className": "navbar navbar-expand-lg nav__header",
    },
    "ref": null,
    "rendered": Object {
      "instance": null,
      "key": undefined,
      "nodeType": "host",
      "props": Object {
        "children": Array [
          <p
            className="donut__header"
          >
            tryDONUT
          </p>,
          <p
            className="coinbase__header"
          >
            Coinbase Products
          </p>,
        ],
        "className": "contianer header___container",
      },
      "ref": null,
      "rendered": Array [
        Object {
          "instance": null,
          "key": undefined,
          "nodeType": "host",
          "props": Object {
            "children": "tryDONUT",
            "className": "donut__header",
          },
          "ref": null,
          "rendered": "tryDONUT",
          "type": "p",
        },
        Object {
          "instance": null,
          "key": undefined,
          "nodeType": "host",
          "props": Object {
            "children": "Coinbase Products",
            "className": "coinbase__header",
          },
          "ref": null,
          "rendered": "Coinbase Products",
          "type": "p",
        },
      ],
      "type": "div",
    },
    "type": "nav",
  },
  Symbol(enzyme.__nodes__): Array [
    Object {
      "instance": null,
      "key": undefined,
      "nodeType": "host",
      "props": Object {
        "children": <div
          className="contianer header___container"
        >
          <p
            className="donut__header"
          >
            tryDONUT
          </p>
          <p
            className="coinbase__header"
          >
            Coinbase Products
          </p>
        </div>,
        "className": "navbar navbar-expand-lg nav__header",
      },
      "ref": null,
      "rendered": Object {
        "instance": null,
        "key": undefined,
        "nodeType": "host",
        "props": Object {
          "children": Array [
            <p
              className="donut__header"
            >
              tryDONUT
            </p>,
            <p
              className="coinbase__header"
            >
              Coinbase Products
            </p>,
          ],
          "className": "contianer header___container",
        },
        "ref": null,
        "rendered": Array [
          Object {
            "instance": null,
            "key": undefined,
            "nodeType": "host",
            "props": Object {
              "children": "tryDONUT",
              "className": "donut__header",
            },
            "ref": null,
            "rendered": "tryDONUT",
            "type": "p",
          },
          Object {
            "instance": null,
            "key": undefined,
            "nodeType": "host",
            "props": Object {
              "children": "Coinbase Products",
              "className": "coinbase__header",
            },
            "ref": null,
            "rendered": "Coinbase Products",
            "type": "p",
          },
        ],
        "type": "div",
      },
      "type": "nav",
    },
  ],
  Symbol(enzyme.__options__): Object {
    "adapter": ReactSixteenAdapter {
      "options": Object {
        "enableComponentDidUpdateOnSetState": true,
        "lifecycles": Object {
          "componentDidUpdate": Object {
            "onSetState": true,
          },
          "getDerivedStateFromProps": true,
          "getSnapshotBeforeUpdate": true,
          "setState": Object {
            "skipsComponentDidUpdateOnNullish": true,
          },
        },
      },
    },
  },
}
`;
