// Jest Snapshot v1, https://goo.gl/fbAQLP

exports[`Home renders correctly when products are supplied 1`] = `
<BrowserRouter>
  <Router
    history={
      Object {
        "action": "POP",
        "block": [Function],
        "createHref": [Function],
        "go": [Function],
        "goBack": [Function],
        "goForward": [Function],
        "length": 1,
        "listen": [Function],
        "location": Object {
          "hash": "",
          "pathname": "/",
          "search": "",
          "state": undefined,
        },
        "push": [Function],
        "replace": [Function],
      }
    }
  >
    <Home
      getProducts={[Function]}
      products={
        Array [
          Object {
            "base_currency": "BCH",
            "base_max_size": "350",
            "base_min_size": "0.01",
            "display_name": "BCH/USD",
            "id": "BCH-USD",
            "max_market_funds": "1000000",
            "min_market_funds": "10",
            "quote_currency": "USD",
            "quote_increment": "0.01",
            "status": "online",
          },
          Object {
            "base_currency": "BCH",
            "base_max_size": "200",
            "base_min_size": "0.01",
            "display_name": "BCH/BTC",
            "id": "BCH-BTC",
            "max_market_funds": "30",
            "min_market_funds": "0.001",
            "quote_currency": "BTC",
            "quote_increment": "0.00001",
            "status": "online",
          },
          Object {
            "base_currency": "BCH",
            "base_max_size": "120",
            "base_min_size": "0.01",
            "display_name": "BCH/GBP",
            "id": "BCH-GBP",
            "max_market_funds": "1000000",
            "min_market_funds": "10",
            "quote_currency": "GBP",
            "quote_increment": "0.01",
            "status": "online",
          },
        ]
      }
    >
      <Header>
        <nav
          className="navbar navbar-expand-lg nav__header"
        >
          <div
            className="contianer header___container"
          >
            <p
              className="donut__header"
            >
              tryDONUT
            </p>
            <p
              className="coinbase__header"
            >
              Coinbase Products
            </p>
          </div>
        </nav>
      </Header>
      <div
        className="container homebody__container"
      >
        <div
          className="home__error"
        >
          No products to display
        </div>
        <nav />
      </div>
    </Home>
  </Router>
</BrowserRouter>
`;
